yarn run v1.22.22
$ C:\Users\USER\OneDrive\Desktop\NewSuuaveFtx\Suuave\node_modules\.bin\next build
   Ôû▓ Next.js 15.1.9

   Creating an optimized production build ...
yarn : 
At line:1 char:1
+ yarn next build > 
build_output.txt 2>&1
+ ~~~~~~~~~~~~~~~~~~~~~~~~
~~~~~~~~~~~~~~~
    + CategoryInfo        
      : NotSpecified: (:  
  String) [], RemoteExc   
 eption
    + FullyQualifiedError 
   Id : NativeCommandErr  
  or
 
[1m[33mwarn[39m[22m - 
As of Tailwind CSS v3.3, 
the 
`@tailwindcss/line-clamp` 
plugin is now included by 
default.
[1m[33mwarn[39m[22m - 
Remove it from the 
`plugins` array in your 
configuration to 
eliminate this warning.
 Ô£ô Compiled successfully
   Linting and checking validity of types ...

Failed to compile.

./app/artist-page/closed-p
roject/page.js
8:18  Error: React Hook 
"useRouter" is called in 
function "page" that is 
neither a React function 
component nor a custom 
React Hook function. 
React component names 
must start with an 
uppercase letter. React 
Hook names must start 
with the word "use".  
react-hooks/rules-of-hooks

./components/landing-page-
components/Footer.js
101:11  Error: Do not use 
an `<a>` element to 
navigate to `/`. Use 
`<Link />` from 
`next/link` instead. See: 
https://nextjs.org/docs/me
ssages/no-html-link-for-pa
ges  @next/next/no-html-li
nk-for-pages

info  - Need to disable 
some ESLint rules? Learn 
more here: https://nextjs.
org/docs/app/api-reference
/config/eslint#disabling-r
ules
error Command failed with 
exit code 1.
info Visit https://yarnpkg.com/en/docs/cli/run for documentation about this command.
